// Jest Snapshot v1, https://goo.gl/fbAQLP

exports[`pages/members/list/components/table tests should render as expected when passing required properties 1`] = `
<table
  className="table table-striped"
>
  <Component />
  <Component
    members={
      Array [
        Object {
          "avatarUrl": "https://avatars1.githubusercontent.com/u/14540103?v=4",
          "id": 14540103,
          "name": "antonio06",
        },
        Object {
          "avatarUrl": "https://avatars1.githubusercontent.com/u/1457912?v=4",
          "id": 1457912,
          "name": "brauliodiez",
        },
        Object {
          "avatarUrl": "https://avatars1.githubusercontent.com/u/13205689?v=4",
          "id": 13205689,
          "name": "crsanti",
        },
      ]
    }
  />
</table>
`;
